;  LST file generated by mikroListExporter - v.2.0 
; Date/Time: 2026-09-30 ¿ÀÈÄ 1:58:40
;----------------------------------------------

;Address Opcode 	ASM
0x0000	0x2830      	GOTO       48
_Interrupt:
0x0004	0x00DF      	MOVWF      R15
0x0005	0x0E03      	SWAPF      STATUS, 0
0x0006	0x0183      	CLRF       STATUS
0x0007	0x00C3      	MOVWF      ___saveSTATUS
0x0008	0x080A      	MOVF       PCLATH, 0
0x0009	0x00C2      	MOVWF      ___savePCLATH
0x000A	0x018A      	CLRF       PCLATH
;12f675 MPPT.mpas,68 :: 		begin
;12f675 MPPT.mpas,69 :: 		if T0IF_bit=1 then begin
0x000B	0x1D0B      	BTFSS      T0IF_bit, BitPos(T0IF_bit+0)
0x000C	0x281E      	GOTO       L__Interrupt3
;12f675 MPPT.mpas,70 :: 		PWM_SIG:=not PWM_SIG;
0x000D	0x1283      	BCF        STATUS, 5
0x000E	0x3004      	MOVLW      4
0x000F	0x0685      	XORWF      GP2_bit, 1
;12f675 MPPT.mpas,71 :: 		if PWM_SIG=0 then begin
0x0010	0x1905      	BTFSC      GP2_bit, BitPos(GP2_bit+0)
0x0011	0x281A      	GOTO       L__Interrupt6
;12f675 MPPT.mpas,72 :: 		doADCRead:=1;
0x0012	0x3001      	MOVLW      1
0x0013	0x00A8      	MOVWF      _doADCRead
;12f675 MPPT.mpas,74 :: 		ON_PWM:=VOLPWM;
0x0014	0x0841      	MOVF       _VOLPWM, 0
0x0015	0x00BC      	MOVWF      _ON_PWM
;12f675 MPPT.mpas,75 :: 		TMR0:=255-ON_PWM;
0x0016	0x0841      	MOVF       _VOLPWM, 0
0x0017	0x3CFF      	SUBLW      255
0x0018	0x0081      	MOVWF      TMR0
;12f675 MPPT.mpas,76 :: 		end else begin
0x0019	0x281D      	GOTO       L__Interrupt7
L__Interrupt6:
;12f675 MPPT.mpas,78 :: 		TMR0:=TMR0BASE+ON_PWM;
0x001A	0x083C      	MOVF       _ON_PWM, 0
0x001B	0x3E37      	ADDLW      55
0x001C	0x0081      	MOVWF      TMR0
;12f675 MPPT.mpas,79 :: 		end;
L__Interrupt7:
;12f675 MPPT.mpas,80 :: 		T0IF_bit:=0;
0x001D	0x110B      	BCF        T0IF_bit, BitPos(T0IF_bit+0)
;12f675 MPPT.mpas,81 :: 		end;
L__Interrupt3:
0x001E	0x1283      	BCF        STATUS, 5
;12f675 MPPT.mpas,82 :: 		if T1IF_bit=1 then begin
0x001F	0x1C0C      	BTFSS      T1IF_bit, BitPos(T1IF_bit+0)
0x0020	0x2829      	GOTO       L__Interrupt9
;12f675 MPPT.mpas,83 :: 		TMR1H:=TMR1H_LOAD;
0x0021	0x30FC      	MOVLW      252
0x0022	0x008F      	MOVWF      TMR1H
;12f675 MPPT.mpas,84 :: 		TMR1L:=TMR1L_LOAD;
0x0023	0x3017      	MOVLW      23
0x0024	0x008E      	MOVWF      TMR1L
;12f675 MPPT.mpas,85 :: 		T1IF_bit:=0;
0x0025	0x100C      	BCF        T1IF_bit, BitPos(T1IF_bit+0)
;12f675 MPPT.mpas,86 :: 		Inc(TICK_1000);
0x0026	0x0ABF      	INCF       _TICK_1000, 1
0x0027	0x1903      	BTFSC      STATUS, 2
0x0028	0x0AC0      	INCF       _TICK_1000+1, 1
;12f675 MPPT.mpas,87 :: 		end;
L__Interrupt9:
;12f675 MPPT.mpas,88 :: 		end;
L_end_Interrupt:
L__Interrupt85:
0x0029	0x0842      	MOVF       ___savePCLATH, 0
0x002A	0x008A      	MOVWF      PCLATH
0x002B	0x0E43      	SWAPF      ___saveSTATUS, 0
0x002C	0x0083      	MOVWF      STATUS
0x002D	0x0EDF      	SWAPF      R15, 1
0x002E	0x0E5F      	SWAPF      R15, 0
0x002F	0x0009      	RETFIE
; end of _Interrupt
_main:
;12f675 MPPT.mpas,98 :: 		begin
;12f675 MPPT.mpas,99 :: 		CMCON:=7;
0x0030	0x3007      	MOVLW      7
0x0031	0x1283      	BCF        STATUS, 5
0x0032	0x0099      	MOVWF      CMCON
;12f675 MPPT.mpas,100 :: 		ANSEL:=%00001001;       // AN3, AN0;
0x0033	0x3009      	MOVLW      9
0x0034	0x1683      	BSF        STATUS, 5
0x0035	0x009F      	MOVWF      ANSEL
;12f675 MPPT.mpas,102 :: 		TRISIO0_bit:=1;         // AN0
0x0036	0x1405      	BSF        TRISIO0_bit, BitPos(TRISIO0_bit+0)
;12f675 MPPT.mpas,103 :: 		TRISIO1_bit:=1;         // VREF
0x0037	0x1485      	BSF        TRISIO1_bit, BitPos(TRISIO1_bit+0)
;12f675 MPPT.mpas,104 :: 		TRISIO2_bit:=0;         // PWM
0x0038	0x1105      	BCF        TRISIO2_bit, BitPos(TRISIO2_bit+0)
;12f675 MPPT.mpas,105 :: 		TRISIO4_bit:=1;         // AN3
0x0039	0x1605      	BSF        TRISIO4_bit, BitPos(TRISIO4_bit+0)
;12f675 MPPT.mpas,106 :: 		TRISIO5_bit:=0;         // LED
0x003A	0x1285      	BCF        TRISIO5_bit, BitPos(TRISIO5_bit+0)
;12f675 MPPT.mpas,107 :: 		VCFG_bit:=1;
0x003B	0x1283      	BCF        STATUS, 5
0x003C	0x171F      	BSF        VCFG_bit, BitPos(VCFG_bit+0)
;12f675 MPPT.mpas,108 :: 		CHS1_bit:=1;
0x003D	0x159F      	BSF        CHS1_bit, BitPos(CHS1_bit+0)
;12f675 MPPT.mpas,109 :: 		ADFM_bit:=1;
0x003E	0x179F      	BSF        ADFM_bit, BitPos(ADFM_bit+0)
;12f675 MPPT.mpas,111 :: 		LED1:=0;
0x003F	0x1285      	BCF        GP5_bit, BitPos(GP5_bit+0)
;12f675 MPPT.mpas,112 :: 		PWM_SIG:=1;
0x0040	0x1505      	BSF        GP2_bit, BitPos(GP2_bit+0)
;12f675 MPPT.mpas,113 :: 		LED1_tm:=100;
0x0041	0x3064      	MOVLW      100
0x0042	0x00BD      	MOVWF      _LED1_tm
0x0043	0x01BE      	CLRF       _LED1_tm+1
;12f675 MPPT.mpas,114 :: 		ON_PWM:=0;
0x0044	0x01BC      	CLRF       _ON_PWM
;12f675 MPPT.mpas,115 :: 		VOLPWM:=0;
0x0045	0x01C1      	CLRF       _VOLPWM
;12f675 MPPT.mpas,116 :: 		TICK_1000:=0;
0x0046	0x01BF      	CLRF       _TICK_1000
0x0047	0x01C0      	CLRF       _TICK_1000+1
;12f675 MPPT.mpas,118 :: 		OPTION_REG:=%01011111;        // ~4KHz @ 4MHz
0x0048	0x305F      	MOVLW      95
0x0049	0x1683      	BSF        STATUS, 5
0x004A	0x0081      	MOVWF      OPTION_REG
;12f675 MPPT.mpas,119 :: 		TMR0IE_bit:=1;
0x004B	0x168B      	BSF        TMR0IE_bit, BitPos(TMR0IE_bit+0)
;12f675 MPPT.mpas,121 :: 		LM358_diff:=cLM358_diff;
0x004C	0x01C4      	CLRF       _LM358_diff
;12f675 MPPT.mpas,122 :: 		Delay_100ms;
0x004D	0x23B7      	CALL       _Delay_100ms
;12f675 MPPT.mpas,123 :: 		Delay_100ms;
0x004E	0x23B7      	CALL       _Delay_100ms
;12f675 MPPT.mpas,124 :: 		ClrWDT;
0x004F	0x0064      	CLRWDT
;12f675 MPPT.mpas,126 :: 		if Write_OPAMP=0 then begin
0x0050	0x1985      	BTFSC      GP3_bit, BitPos(GP3_bit+0)
0x0051	0x286E      	GOTO       L__main17
;12f675 MPPT.mpas,127 :: 		Delay_100ms;
0x0052	0x23B7      	CALL       _Delay_100ms
;12f675 MPPT.mpas,128 :: 		Delay_100ms;
0x0053	0x23B7      	CALL       _Delay_100ms
;12f675 MPPT.mpas,129 :: 		adc_cur:=ADC_Read(0);
0x0054	0x01C9      	CLRF       FARG_ADC_Read_channel
0x0055	0x2371      	CALL       _ADC_Read
0x0056	0x0850      	MOVF       R0, 0
0x0057	0x00BA      	MOVWF      _adc_cur
0x0058	0x0851      	MOVF       R0+1, 0
0x0059	0x00BB      	MOVWF      _adc_cur+1
;12f675 MPPT.mpas,130 :: 		EEPROM_Write(0, Lo(adc_cur));
0x005A	0x01C9      	CLRF       FARG_EEPROM_Write_address
0x005B	0x083A      	MOVF       _adc_cur, 0
0x005C	0x00CA      	MOVWF      FARG_EEPROM_Write_data_
0x005D	0x239D      	CALL       _EEPROM_Write
;12f675 MPPT.mpas,131 :: 		Delay_100ms;
0x005E	0x23B7      	CALL       _Delay_100ms
;12f675 MPPT.mpas,132 :: 		LED1:=1;
0x005F	0x1685      	BSF        GP5_bit, BitPos(GP5_bit+0)
;12f675 MPPT.mpas,133 :: 		Delay_ms(700);
0x0060	0x3004      	MOVLW      4
0x0061	0x00DB      	MOVWF      R11
0x0062	0x308E      	MOVLW      142
0x0063	0x00DC      	MOVWF      R12
0x0064	0x3012      	MOVLW      18
0x0065	0x00DD      	MOVWF      R13
L__main19:
0x0066	0x0BDD      	DECFSZ     R13, 1
0x0067	0x2866      	GOTO       L__main19
0x0068	0x0BDC      	DECFSZ     R12, 1
0x0069	0x2866      	GOTO       L__main19
0x006A	0x0BDB      	DECFSZ     R11, 1
0x006B	0x2866      	GOTO       L__main19
0x006C	0x0000      	NOP
;12f675 MPPT.mpas,134 :: 		LED1:=0;
0x006D	0x1285      	BCF        GP5_bit, BitPos(GP5_bit+0)
;12f675 MPPT.mpas,135 :: 		end;
L__main17:
;12f675 MPPT.mpas,136 :: 		ClrWDT;
0x006E	0x0064      	CLRWDT
;12f675 MPPT.mpas,140 :: 		Delay_100ms;
0x006F	0x23B7      	CALL       _Delay_100ms
;12f675 MPPT.mpas,141 :: 		LM358_diff:=EEPROM_Read(0);
0x0070	0x01C9      	CLRF       FARG_EEPROM_Read_address
0x0071	0x23C3      	CALL       _EEPROM_Read
0x0072	0x0850      	MOVF       R0, 0
0x0073	0x00C4      	MOVWF      _LM358_diff
;12f675 MPPT.mpas,143 :: 		if LM358_diff>$1f then
0x0074	0x0850      	MOVF       R0, 0
0x0075	0x3C1F      	SUBLW      31
0x0076	0x1803      	BTFSC      STATUS, 0
0x0077	0x2879      	GOTO       L__main21
;12f675 MPPT.mpas,144 :: 		LM358_diff:=0;
0x0078	0x01C4      	CLRF       _LM358_diff
L__main21:
;12f675 MPPT.mpas,146 :: 		T1CKPS1_bit:=0;
0x0079	0x1283      	BCF        STATUS, 5
0x007A	0x1290      	BCF        T1CKPS1_bit, BitPos(T1CKPS1_bit+0)
;12f675 MPPT.mpas,147 :: 		T1CKPS0_bit:=0;               // timer prescaler 1:1
0x007B	0x1210      	BCF        T1CKPS0_bit, BitPos(T1CKPS0_bit+0)
;12f675 MPPT.mpas,148 :: 		TMR1CS_bit:=0;
0x007C	0x1090      	BCF        TMR1CS_bit, BitPos(TMR1CS_bit+0)
;12f675 MPPT.mpas,149 :: 		TMR1L:=TMR1L_LOAD;
0x007D	0x3017      	MOVLW      23
0x007E	0x008E      	MOVWF      TMR1L
;12f675 MPPT.mpas,150 :: 		TMR1H:=TMR1H_LOAD;
0x007F	0x30FC      	MOVLW      252
0x0080	0x008F      	MOVWF      TMR1H
;12f675 MPPT.mpas,151 :: 		T1IF_bit:=0;
0x0081	0x100C      	BCF        T1IF_bit, BitPos(T1IF_bit+0)
;12f675 MPPT.mpas,153 :: 		adc_vol:=0;
0x0082	0x01B0      	CLRF       _adc_vol
0x0083	0x01B1      	CLRF       _adc_vol+1
;12f675 MPPT.mpas,154 :: 		adc_cur:=0;
0x0084	0x01BA      	CLRF       _adc_cur
0x0085	0x01BB      	CLRF       _adc_cur+1
;12f675 MPPT.mpas,155 :: 		power_curr:=0;
0x0086	0x01AC      	CLRF       _power_curr
0x0087	0x01AD      	CLRF       _power_curr+1
0x0088	0x01AE      	CLRF       _power_curr+2
0x0089	0x01AF      	CLRF       _power_curr+3
;12f675 MPPT.mpas,157 :: 		TMR1IE_bit:=1;
0x008A	0x1683      	BSF        STATUS, 5
0x008B	0x140C      	BSF        TMR1IE_bit, BitPos(TMR1IE_bit+0)
;12f675 MPPT.mpas,158 :: 		PEIE_bit:=1;
0x008C	0x170B      	BSF        PEIE_bit, BitPos(PEIE_bit+0)
;12f675 MPPT.mpas,160 :: 		GIE_bit:=1;                   // enable Interrupt
0x008D	0x178B      	BSF        GIE_bit, BitPos(GIE_bit+0)
;12f675 MPPT.mpas,162 :: 		TMR1ON_bit:=1;
0x008E	0x1283      	BCF        STATUS, 5
0x008F	0x1410      	BSF        TMR1ON_bit, BitPos(TMR1ON_bit+0)
;12f675 MPPT.mpas,164 :: 		VOLPWM:=PWM_START;
0x0090	0x3014      	MOVLW      20
0x0091	0x00C1      	MOVWF      _VOLPWM
;12f675 MPPT.mpas,165 :: 		flag_inc:=True;
0x0092	0x30FF      	MOVLW      255
0x0093	0x00AB      	MOVWF      _flag_inc
;12f675 MPPT.mpas,167 :: 		powertime:=0;
0x0094	0x01A4      	CLRF       _powertime
0x0095	0x01A5      	CLRF       _powertime+1
;12f675 MPPT.mpas,168 :: 		prevtime:=0;
0x0096	0x01A2      	CLRF       _prevtime
0x0097	0x01A3      	CLRF       _prevtime+1
;12f675 MPPT.mpas,171 :: 		clrwdt;
0x0098	0x0064      	CLRWDT
;12f675 MPPT.mpas,172 :: 		delay_ms(300);
0x0099	0x3002      	MOVLW      2
0x009A	0x00DB      	MOVWF      R11
0x009B	0x3086      	MOVLW      134
0x009C	0x00DC      	MOVWF      R12
0x009D	0x3099      	MOVLW      153
0x009E	0x00DD      	MOVWF      R13
L__main23:
0x009F	0x0BDD      	DECFSZ     R13, 1
0x00A0	0x289F      	GOTO       L__main23
0x00A1	0x0BDC      	DECFSZ     R12, 1
0x00A2	0x289F      	GOTO       L__main23
0x00A3	0x0BDB      	DECFSZ     R11, 1
0x00A4	0x289F      	GOTO       L__main23
;12f675 MPPT.mpas,173 :: 		LED1:=1;
0x00A5	0x1685      	BSF        GP5_bit, BitPos(GP5_bit+0)
;12f675 MPPT.mpas,174 :: 		delay_ms(300);
0x00A6	0x3002      	MOVLW      2
0x00A7	0x00DB      	MOVWF      R11
0x00A8	0x3086      	MOVLW      134
0x00A9	0x00DC      	MOVWF      R12
0x00AA	0x3099      	MOVLW      153
0x00AB	0x00DD      	MOVWF      R13
L__main24:
0x00AC	0x0BDD      	DECFSZ     R13, 1
0x00AD	0x28AC      	GOTO       L__main24
0x00AE	0x0BDC      	DECFSZ     R12, 1
0x00AF	0x28AC      	GOTO       L__main24
0x00B0	0x0BDB      	DECFSZ     R11, 1
0x00B1	0x28AC      	GOTO       L__main24
;12f675 MPPT.mpas,175 :: 		LED1:=0;
0x00B2	0x1285      	BCF        GP5_bit, BitPos(GP5_bit+0)
;12f675 MPPT.mpas,176 :: 		clrwdt;
0x00B3	0x0064      	CLRWDT
;12f675 MPPT.mpas,177 :: 		wdtimer:=0;
0x00B4	0x01A0      	CLRF       _wdtimer
0x00B5	0x01A1      	CLRF       _wdtimer+1
;12f675 MPPT.mpas,179 :: 		while True do begin
L__main26:
;12f675 MPPT.mpas,181 :: 		wtmp := TICK_1000;
0x00B6	0x083F      	MOVF       _TICK_1000, 0
0x00B7	0x00A9      	MOVWF      _wtmp
0x00B8	0x0840      	MOVF       _TICK_1000+1, 0
0x00B9	0x00AA      	MOVWF      _wtmp+1
;12f675 MPPT.mpas,182 :: 		if tick_diff(wtmp, prevtime) > LED1_tm then begin
0x00BA	0x083F      	MOVF       _TICK_1000, 0
0x00BB	0x00C9      	MOVWF      FARG_tick_diff_a
0x00BC	0x0840      	MOVF       _TICK_1000+1, 0
0x00BD	0x00CA      	MOVWF      FARG_tick_diff_a+1
0x00BE	0x0822      	MOVF       _prevtime, 0
0x00BF	0x00CB      	MOVWF      FARG_tick_diff_b
0x00C0	0x0823      	MOVF       _prevtime+1, 0
0x00C1	0x00CC      	MOVWF      FARG_tick_diff_b+1
0x00C2	0x2344      	CALL       _tick_diff
0x00C3	0x0851      	MOVF       R0+1, 0
0x00C4	0x023E      	SUBWF      _LED1_tm+1, 0
0x00C5	0x1D03      	BTFSS      STATUS, 2
0x00C6	0x28C9      	GOTO       L__main89
0x00C7	0x0850      	MOVF       R0, 0
0x00C8	0x023D      	SUBWF      _LED1_tm, 0
L__main89:
0x00C9	0x1803      	BTFSC      STATUS, 0
0x00CA	0x28D1      	GOTO       L__main31
;12f675 MPPT.mpas,183 :: 		prevtime := wtmp;
0x00CB	0x0829      	MOVF       _wtmp, 0
0x00CC	0x00A2      	MOVWF      _prevtime
0x00CD	0x082A      	MOVF       _wtmp+1, 0
0x00CE	0x00A3      	MOVWF      _prevtime+1
;12f675 MPPT.mpas,184 :: 		LED1 := not LED1;
0x00CF	0x3020      	MOVLW      32
0x00D0	0x0685      	XORWF      GP5_bit, 1
;12f675 MPPT.mpas,185 :: 		end;
L__main31:
;12f675 MPPT.mpas,188 :: 		if Write_OPAMP=0 then
0x00D1	0x1985      	BTFSC      GP3_bit, BitPos(GP3_bit+0)
0x00D2	0x28E0      	GOTO       L__main34
;12f675 MPPT.mpas,189 :: 		Delay_ms(2500);
0x00D3	0x300D      	MOVLW      13
0x00D4	0x00DB      	MOVWF      R11
0x00D5	0x30AF      	MOVLW      175
0x00D6	0x00DC      	MOVWF      R12
0x00D7	0x30B6      	MOVLW      182
0x00D8	0x00DD      	MOVWF      R13
L__main36:
0x00D9	0x0BDD      	DECFSZ     R13, 1
0x00DA	0x28D9      	GOTO       L__main36
0x00DB	0x0BDC      	DECFSZ     R12, 1
0x00DC	0x28D9      	GOTO       L__main36
0x00DD	0x0BDB      	DECFSZ     R11, 1
0x00DE	0x28D9      	GOTO       L__main36
0x00DF	0x0000      	NOP
L__main34:
;12f675 MPPT.mpas,191 :: 		wtmp := TICK_1000;
0x00E0	0x083F      	MOVF       _TICK_1000, 0
0x00E1	0x00A9      	MOVWF      _wtmp
0x00E2	0x0840      	MOVF       _TICK_1000+1, 0
0x00E3	0x00AA      	MOVWF      _wtmp+1
;12f675 MPPT.mpas,192 :: 		if tick_diff(wtmp, wdtimer)>1000 then begin
0x00E4	0x083F      	MOVF       _TICK_1000, 0
0x00E5	0x00C9      	MOVWF      FARG_tick_diff_a
0x00E6	0x0840      	MOVF       _TICK_1000+1, 0
0x00E7	0x00CA      	MOVWF      FARG_tick_diff_a+1
0x00E8	0x0820      	MOVF       _wdtimer, 0
0x00E9	0x00CB      	MOVWF      FARG_tick_diff_b
0x00EA	0x0821      	MOVF       _wdtimer+1, 0
0x00EB	0x00CC      	MOVWF      FARG_tick_diff_b+1
0x00EC	0x2344      	CALL       _tick_diff
0x00ED	0x0851      	MOVF       R0+1, 0
0x00EE	0x3C03      	SUBLW      3
0x00EF	0x1D03      	BTFSS      STATUS, 2
0x00F0	0x28F3      	GOTO       L__main90
0x00F1	0x0850      	MOVF       R0, 0
0x00F2	0x3CE8      	SUBLW      232
L__main90:
0x00F3	0x1803      	BTFSC      STATUS, 0
0x00F4	0x28F8      	GOTO       L__main38
;12f675 MPPT.mpas,193 :: 		clrwdt;
0x00F5	0x0064      	CLRWDT
;12f675 MPPT.mpas,194 :: 		wdtimer:=0;
0x00F6	0x01A0      	CLRF       _wdtimer
0x00F7	0x01A1      	CLRF       _wdtimer+1
;12f675 MPPT.mpas,195 :: 		end;
L__main38:
;12f675 MPPT.mpas,198 :: 		doADCRead:=0;
0x00F8	0x01A8      	CLRF       _doADCRead
;12f675 MPPT.mpas,199 :: 		while doADCRead=0 do ;
L__main41:
0x00F9	0x0828      	MOVF       _doADCRead, 0
0x00FA	0x3A00      	XORLW      0
0x00FB	0x1903      	BTFSC      STATUS, 2
0x00FC	0x28F9      	GOTO       L__main41
;12f675 MPPT.mpas,202 :: 		Delay_50us;
0x00FD	0x23CE      	CALL       _Delay_50us
;12f675 MPPT.mpas,203 :: 		Delay_50us;
0x00FE	0x23CE      	CALL       _Delay_50us
;12f675 MPPT.mpas,204 :: 		Delay_50us;
0x00FF	0x23CE      	CALL       _Delay_50us
;12f675 MPPT.mpas,205 :: 		Delay_50us;
0x0100	0x23CE      	CALL       _Delay_50us
;12f675 MPPT.mpas,208 :: 		adc_cur:=ADC_Read(0);
0x0101	0x01C9      	CLRF       FARG_ADC_Read_channel
0x0102	0x2371      	CALL       _ADC_Read
0x0103	0x0850      	MOVF       R0, 0
0x0104	0x00BA      	MOVWF      _adc_cur
0x0105	0x0851      	MOVF       R0+1, 0
0x0106	0x00BB      	MOVWF      _adc_cur+1
;12f675 MPPT.mpas,209 :: 		raw_vol:=ADC_Read(3);
0x0107	0x3003      	MOVLW      3
0x0108	0x00C9      	MOVWF      FARG_ADC_Read_channel
0x0109	0x2371      	CALL       _ADC_Read
0x010A	0x0850      	MOVF       R0, 0
0x010B	0x00A6      	MOVWF      _raw_vol
0x010C	0x0851      	MOVF       R0+1, 0
0x010D	0x00A7      	MOVWF      _raw_vol+1
;12f675 MPPT.mpas,222 :: 		adc_vol:=raw_vol * VOLMUL;
0x010E	0x0850      	MOVF       R0, 0
0x010F	0x00B0      	MOVWF      _adc_vol
0x0110	0x0851      	MOVF       R0+1, 0
0x0111	0x00B1      	MOVWF      _adc_vol+1
0x0112	0x0DB0      	RLF        _adc_vol, 1
0x0113	0x0DB1      	RLF        _adc_vol+1, 1
0x0114	0x1030      	BCF        _adc_vol, 0
0x0115	0x0DB0      	RLF        _adc_vol, 1
0x0116	0x0DB1      	RLF        _adc_vol+1, 1
0x0117	0x1030      	BCF        _adc_vol, 0
;12f675 MPPT.mpas,225 :: 		wtmp:=TICK_1000;
0x0118	0x083F      	MOVF       _TICK_1000, 0
0x0119	0x00A9      	MOVWF      _wtmp
0x011A	0x0840      	MOVF       _TICK_1000+1, 0
0x011B	0x00AA      	MOVWF      _wtmp+1
;12f675 MPPT.mpas,226 :: 		if tick_diff(wtmp, powertime) < _UPDATE_INT then
0x011C	0x083F      	MOVF       _TICK_1000, 0
0x011D	0x00C9      	MOVWF      FARG_tick_diff_a
0x011E	0x0840      	MOVF       _TICK_1000+1, 0
0x011F	0x00CA      	MOVWF      FARG_tick_diff_a+1
0x0120	0x0824      	MOVF       _powertime, 0
0x0121	0x00CB      	MOVWF      FARG_tick_diff_b
0x0122	0x0825      	MOVF       _powertime+1, 0
0x0123	0x00CC      	MOVWF      FARG_tick_diff_b+1
0x0124	0x2344      	CALL       _tick_diff
0x0125	0x3000      	MOVLW      0
0x0126	0x0251      	SUBWF      R0+1, 0
0x0127	0x1D03      	BTFSS      STATUS, 2
0x0128	0x292B      	GOTO       L__main91
0x0129	0x3064      	MOVLW      100
0x012A	0x0250      	SUBWF      R0, 0
L__main91:
0x012B	0x1803      	BTFSC      STATUS, 0
0x012C	0x292E      	GOTO       L__main46
;12f675 MPPT.mpas,227 :: 		goto CONTLOOP;
0x012D	0x2B0B      	GOTO       L__main_CONTLOOP
L__main46:
;12f675 MPPT.mpas,228 :: 		powertime:=wtmp;
0x012E	0x0829      	MOVF       _wtmp, 0
0x012F	0x00A4      	MOVWF      _powertime
0x0130	0x082A      	MOVF       _wtmp+1, 0
0x0131	0x00A5      	MOVWF      _powertime+1
;12f675 MPPT.mpas,230 :: 		power_prev:= power_curr;
0x0132	0x082C      	MOVF       _power_curr, 0
0x0133	0x00B2      	MOVWF      _power_prev
0x0134	0x082D      	MOVF       _power_curr+1, 0
0x0135	0x00B3      	MOVWF      _power_prev+1
0x0136	0x082E      	MOVF       _power_curr+2, 0
0x0137	0x00B4      	MOVWF      _power_prev+2
0x0138	0x082F      	MOVF       _power_curr+3, 0
0x0139	0x00B5      	MOVWF      _power_prev+3
;12f675 MPPT.mpas,231 :: 		power_curr:= dword(adc_vol * adc_cur);
0x013A	0x0830      	MOVF       _adc_vol, 0
0x013B	0x00D0      	MOVWF      R0
0x013C	0x0831      	MOVF       _adc_vol+1, 0
0x013D	0x00D1      	MOVWF      R0+1
0x013E	0x01D2      	CLRF       R0+2
0x013F	0x01D3      	CLRF       R0+3
0x0140	0x083A      	MOVF       _adc_cur, 0
0x0141	0x00D4      	MOVWF      R4
0x0142	0x083B      	MOVF       _adc_cur+1, 0
0x0143	0x00D5      	MOVWF      R4+1
0x0144	0x01D6      	CLRF       R4+2
0x0145	0x01D7      	CLRF       R4+3
0x0146	0x230D      	CALL       _Mul_32x32_U
0x0147	0x0850      	MOVF       R0, 0
0x0148	0x00AC      	MOVWF      _power_curr
0x0149	0x0851      	MOVF       R0+1, 0
0x014A	0x00AD      	MOVWF      _power_curr+1
0x014B	0x0852      	MOVF       R0+2, 0
0x014C	0x00AE      	MOVWF      _power_curr+2
0x014D	0x0853      	MOVF       R0+3, 0
0x014E	0x00AF      	MOVWF      _power_curr+3
;12f675 MPPT.mpas,233 :: 		dead_band := dword( raw_vol + adc_cur ) * VOLMUL * _NOISE_MARGIN;
0x014F	0x083A      	MOVF       _adc_cur, 0
0x0150	0x00D9      	MOVWF      R9
0x0151	0x083B      	MOVF       _adc_cur+1, 0
0x0152	0x00DA      	MOVWF      R9+1
0x0153	0x01DB      	CLRF       R9+2
0x0154	0x01DC      	CLRF       R9+3
0x0155	0x0826      	MOVF       _raw_vol, 0
0x0156	0x07D9      	ADDWF      R9, 1
0x0157	0x0827      	MOVF       _raw_vol+1, 0
0x0158	0x1803      	BTFSC      STATUS, 0
0x0159	0x0F27      	INCFSZ     _raw_vol+1, 0
0x015A	0x07DA      	ADDWF      R9+1, 1
0x015B	0x0828      	MOVF       _raw_vol+2, 0
0x015C	0x1803      	BTFSC      STATUS, 0
0x015D	0x0F28      	INCFSZ     _raw_vol+2, 0
0x015E	0x07DB      	ADDWF      R9+2, 1
0x015F	0x0829      	MOVF       _raw_vol+3, 0
0x0160	0x1803      	BTFSC      STATUS, 0
0x0161	0x0F29      	INCFSZ     _raw_vol+3, 0
0x0162	0x07DC      	ADDWF      R9+3, 1
0x0163	0x0859      	MOVF       R9, 0
0x0164	0x00D5      	MOVWF      R5
0x0165	0x085A      	MOVF       R9+1, 0
0x0166	0x00D6      	MOVWF      R5+1
0x0167	0x085B      	MOVF       R9+2, 0
0x0168	0x00D7      	MOVWF      R5+2
0x0169	0x085C      	MOVF       R9+3, 0
0x016A	0x00D8      	MOVWF      R5+3
0x016B	0x0DD5      	RLF        R5, 1
0x016C	0x0DD6      	RLF        R5+1, 1
0x016D	0x0DD7      	RLF        R5+2, 1
0x016E	0x0DD8      	RLF        R5+3, 1
0x016F	0x1055      	BCF        R5, 0
0x0170	0x0DD5      	RLF        R5, 1
0x0171	0x0DD6      	RLF        R5+1, 1
0x0172	0x0DD7      	RLF        R5+2, 1
0x0173	0x0DD8      	RLF        R5+3, 1
0x0174	0x1055      	BCF        R5, 0
0x0175	0x0855      	MOVF       R5, 0
0x0176	0x00C5      	MOVWF      FLOC__main
0x0177	0x0856      	MOVF       R5+1, 0
0x0178	0x00C6      	MOVWF      FLOC__main+1
0x0179	0x0857      	MOVF       R5+2, 0
0x017A	0x00C7      	MOVWF      FLOC__main+2
0x017B	0x0858      	MOVF       R5+3, 0
0x017C	0x00C8      	MOVWF      FLOC__main+3
0x017D	0x0DC5      	RLF        FLOC__main, 1
0x017E	0x0DC6      	RLF        FLOC__main+1, 1
0x017F	0x0DC7      	RLF        FLOC__main+2, 1
0x0180	0x0DC8      	RLF        FLOC__main+3, 1
0x0181	0x1045      	BCF        FLOC__main, 0
0x0182	0x0845      	MOVF       FLOC__main, 0
0x0183	0x00B6      	MOVWF      _dead_band
0x0184	0x0846      	MOVF       FLOC__main+1, 0
0x0185	0x00B7      	MOVWF      _dead_band+1
0x0186	0x0847      	MOVF       FLOC__main+2, 0
0x0187	0x00B8      	MOVWF      _dead_band+2
0x0188	0x0848      	MOVF       FLOC__main+3, 0
0x0189	0x00B9      	MOVWF      _dead_band+3
;12f675 MPPT.mpas,236 :: 		if dead_band > (power_curr div 256 + power_curr div 1024 + power_curr div 2048) then
0x018A	0x0851      	MOVF       R0+1, 0
0x018B	0x00D9      	MOVWF      R9
0x018C	0x0852      	MOVF       R0+2, 0
0x018D	0x00DA      	MOVWF      R9+1
0x018E	0x0853      	MOVF       R0+3, 0
0x018F	0x00DB      	MOVWF      R9+2
0x0190	0x01DC      	CLRF       R9+3
0x0191	0x300A      	MOVLW      10
0x0192	0x00D8      	MOVWF      R8
0x0193	0x0850      	MOVF       R0, 0
0x0194	0x00D4      	MOVWF      R4
0x0195	0x0851      	MOVF       R0+1, 0
0x0196	0x00D5      	MOVWF      R4+1
0x0197	0x0852      	MOVF       R0+2, 0
0x0198	0x00D6      	MOVWF      R4+2
0x0199	0x0853      	MOVF       R0+3, 0
0x019A	0x00D7      	MOVWF      R4+3
0x019B	0x0858      	MOVF       R8, 0
L__main92:
0x019C	0x1903      	BTFSC      STATUS, 2
0x019D	0x29A5      	GOTO       L__main93
0x019E	0x0CD7      	RRF        R4+3, 1
0x019F	0x0CD6      	RRF        R4+2, 1
0x01A0	0x0CD5      	RRF        R4+1, 1
0x01A1	0x0CD4      	RRF        R4, 1
0x01A2	0x13D7      	BCF        R4+3, 7
0x01A3	0x3EFF      	ADDLW      255
0x01A4	0x299C      	GOTO       L__main92
L__main93:
0x01A5	0x0854      	MOVF       R4, 0
0x01A6	0x07D9      	ADDWF      R9, 1
0x01A7	0x0855      	MOVF       R4+1, 0
0x01A8	0x1803      	BTFSC      STATUS, 0
0x01A9	0x0F55      	INCFSZ     R4+1, 0
0x01AA	0x07DA      	ADDWF      R9+1, 1
0x01AB	0x0856      	MOVF       R4+2, 0
0x01AC	0x1803      	BTFSC      STATUS, 0
0x01AD	0x0F56      	INCFSZ     R4+2, 0
0x01AE	0x07DB      	ADDWF      R9+2, 1
0x01AF	0x0857      	MOVF       R4+3, 0
0x01B0	0x1803      	BTFSC      STATUS, 0
0x01B1	0x0F57      	INCFSZ     R4+3, 0
0x01B2	0x07DC      	ADDWF      R9+3, 1
0x01B3	0x300B      	MOVLW      11
0x01B4	0x00D4      	MOVWF      R4
0x01B5	0x0850      	MOVF       R0, 0
0x01B6	0x00D5      	MOVWF      R5
0x01B7	0x0851      	MOVF       R0+1, 0
0x01B8	0x00D6      	MOVWF      R5+1
0x01B9	0x0852      	MOVF       R0+2, 0
0x01BA	0x00D7      	MOVWF      R5+2
0x01BB	0x0853      	MOVF       R0+3, 0
0x01BC	0x00D8      	MOVWF      R5+3
0x01BD	0x0854      	MOVF       R4, 0
L__main94:
0x01BE	0x1903      	BTFSC      STATUS, 2
0x01BF	0x29C7      	GOTO       L__main95
0x01C0	0x0CD8      	RRF        R5+3, 1
0x01C1	0x0CD7      	RRF        R5+2, 1
0x01C2	0x0CD6      	RRF        R5+1, 1
0x01C3	0x0CD5      	RRF        R5, 1
0x01C4	0x13D8      	BCF        R5+3, 7
0x01C5	0x3EFF      	ADDLW      255
0x01C6	0x29BE      	GOTO       L__main94
L__main95:
0x01C7	0x0859      	MOVF       R9, 0
0x01C8	0x00D1      	MOVWF      R1
0x01C9	0x085A      	MOVF       R9+1, 0
0x01CA	0x00D2      	MOVWF      R1+1
0x01CB	0x085B      	MOVF       R9+2, 0
0x01CC	0x00D3      	MOVWF      R1+2
0x01CD	0x085C      	MOVF       R9+3, 0
0x01CE	0x00D4      	MOVWF      R1+3
0x01CF	0x0855      	MOVF       R5, 0
0x01D0	0x07D1      	ADDWF      R1, 1
0x01D1	0x0856      	MOVF       R5+1, 0
0x01D2	0x1803      	BTFSC      STATUS, 0
0x01D3	0x0F56      	INCFSZ     R5+1, 0
0x01D4	0x07D2      	ADDWF      R1+1, 1
0x01D5	0x0857      	MOVF       R5+2, 0
0x01D6	0x1803      	BTFSC      STATUS, 0
0x01D7	0x0F57      	INCFSZ     R5+2, 0
0x01D8	0x07D3      	ADDWF      R1+2, 1
0x01D9	0x0858      	MOVF       R5+3, 0
0x01DA	0x1803      	BTFSC      STATUS, 0
0x01DB	0x0F58      	INCFSZ     R5+3, 0
0x01DC	0x07D4      	ADDWF      R1+3, 1
0x01DD	0x0848      	MOVF       FLOC__main+3, 0
0x01DE	0x0254      	SUBWF      R1+3, 0
0x01DF	0x1D03      	BTFSS      STATUS, 2
0x01E0	0x29EB      	GOTO       L__main96
0x01E1	0x0847      	MOVF       FLOC__main+2, 0
0x01E2	0x0253      	SUBWF      R1+2, 0
0x01E3	0x1D03      	BTFSS      STATUS, 2
0x01E4	0x29EB      	GOTO       L__main96
0x01E5	0x0846      	MOVF       FLOC__main+1, 0
0x01E6	0x0252      	SUBWF      R1+1, 0
0x01E7	0x1D03      	BTFSS      STATUS, 2
0x01E8	0x29EB      	GOTO       L__main96
0x01E9	0x0845      	MOVF       FLOC__main, 0
0x01EA	0x0251      	SUBWF      R1, 0
L__main96:
0x01EB	0x1803      	BTFSC      STATUS, 0
0x01EC	0x2A38      	GOTO       L__main49
;12f675 MPPT.mpas,237 :: 		dead_band := power_curr div 256 + power_curr div 1024 + power_curr div 2048;
0x01ED	0x082D      	MOVF       _power_curr+1, 0
0x01EE	0x00B6      	MOVWF      _dead_band
0x01EF	0x082E      	MOVF       _power_curr+2, 0
0x01F0	0x00B7      	MOVWF      _dead_band+1
0x01F1	0x082F      	MOVF       _power_curr+3, 0
0x01F2	0x00B8      	MOVWF      _dead_band+2
0x01F3	0x01B9      	CLRF       _dead_band+3
0x01F4	0x300A      	MOVLW      10
0x01F5	0x00D4      	MOVWF      R4
0x01F6	0x082C      	MOVF       _power_curr, 0
0x01F7	0x00D0      	MOVWF      R0
0x01F8	0x082D      	MOVF       _power_curr+1, 0
0x01F9	0x00D1      	MOVWF      R0+1
0x01FA	0x082E      	MOVF       _power_curr+2, 0
0x01FB	0x00D2      	MOVWF      R0+2
0x01FC	0x082F      	MOVF       _power_curr+3, 0
0x01FD	0x00D3      	MOVWF      R0+3
0x01FE	0x0854      	MOVF       R4, 0
L__main97:
0x01FF	0x1903      	BTFSC      STATUS, 2
0x0200	0x2A08      	GOTO       L__main98
0x0201	0x0CD3      	RRF        R0+3, 1
0x0202	0x0CD2      	RRF        R0+2, 1
0x0203	0x0CD1      	RRF        R0+1, 1
0x0204	0x0CD0      	RRF        R0, 1
0x0205	0x13D3      	BCF        R0+3, 7
0x0206	0x3EFF      	ADDLW      255
0x0207	0x29FF      	GOTO       L__main97
L__main98:
0x0208	0x0850      	MOVF       R0, 0
0x0209	0x07B6      	ADDWF      _dead_band, 1
0x020A	0x0851      	MOVF       R0+1, 0
0x020B	0x1803      	BTFSC      STATUS, 0
0x020C	0x0F51      	INCFSZ     R0+1, 0
0x020D	0x07B7      	ADDWF      _dead_band+1, 1
0x020E	0x0852      	MOVF       R0+2, 0
0x020F	0x1803      	BTFSC      STATUS, 0
0x0210	0x0F52      	INCFSZ     R0+2, 0
0x0211	0x07B8      	ADDWF      _dead_band+2, 1
0x0212	0x0853      	MOVF       R0+3, 0
0x0213	0x1803      	BTFSC      STATUS, 0
0x0214	0x0F53      	INCFSZ     R0+3, 0
0x0215	0x07B9      	ADDWF      _dead_band+3, 1
0x0216	0x300B      	MOVLW      11
0x0217	0x00D4      	MOVWF      R4
0x0218	0x082C      	MOVF       _power_curr, 0
0x0219	0x00D0      	MOVWF      R0
0x021A	0x082D      	MOVF       _power_curr+1, 0
0x021B	0x00D1      	MOVWF      R0+1
0x021C	0x082E      	MOVF       _power_curr+2, 0
0x021D	0x00D2      	MOVWF      R0+2
0x021E	0x082F      	MOVF       _power_curr+3, 0
0x021F	0x00D3      	MOVWF      R0+3
0x0220	0x0854      	MOVF       R4, 0
L__main99:
0x0221	0x1903      	BTFSC      STATUS, 2
0x0222	0x2A2A      	GOTO       L__main100
0x0223	0x0CD3      	RRF        R0+3, 1
0x0224	0x0CD2      	RRF        R0+2, 1
0x0225	0x0CD1      	RRF        R0+1, 1
0x0226	0x0CD0      	RRF        R0, 1
0x0227	0x13D3      	BCF        R0+3, 7
0x0228	0x3EFF      	ADDLW      255
0x0229	0x2A21      	GOTO       L__main99
L__main100:
0x022A	0x0850      	MOVF       R0, 0
0x022B	0x07B6      	ADDWF      _dead_band, 1
0x022C	0x0851      	MOVF       R0+1, 0
0x022D	0x1803      	BTFSC      STATUS, 0
0x022E	0x0F51      	INCFSZ     R0+1, 0
0x022F	0x07B7      	ADDWF      _dead_band+1, 1
0x0230	0x0852      	MOVF       R0+2, 0
0x0231	0x1803      	BTFSC      STATUS, 0
0x0232	0x0F52      	INCFSZ     R0+2, 0
0x0233	0x07B8      	ADDWF      _dead_band+2, 1
0x0234	0x0853      	MOVF       R0+3, 0
0x0235	0x1803      	BTFSC      STATUS, 0
0x0236	0x0F53      	INCFSZ     R0+3, 0
0x0237	0x07B9      	ADDWF      _dead_band+3, 1
L__main49:
;12f675 MPPT.mpas,239 :: 		if dead_band < _dead_band_limit then
0x0238	0x3000      	MOVLW      0
0x0239	0x0239      	SUBWF      _dead_band+3, 0
0x023A	0x1D03      	BTFSS      STATUS, 2
0x023B	0x2A46      	GOTO       L__main101
0x023C	0x3000      	MOVLW      0
0x023D	0x0238      	SUBWF      _dead_band+2, 0
0x023E	0x1D03      	BTFSS      STATUS, 2
0x023F	0x2A46      	GOTO       L__main101
0x0240	0x3000      	MOVLW      0
0x0241	0x0237      	SUBWF      _dead_band+1, 0
0x0242	0x1D03      	BTFSS      STATUS, 2
0x0243	0x2A46      	GOTO       L__main101
0x0244	0x3021      	MOVLW      33
0x0245	0x0236      	SUBWF      _dead_band, 0
L__main101:
0x0246	0x1803      	BTFSC      STATUS, 0
0x0247	0x2A4D      	GOTO       L__main52
;12f675 MPPT.mpas,240 :: 		dead_band := _dead_band_limit;
0x0248	0x3021      	MOVLW      33
0x0249	0x00B6      	MOVWF      _dead_band
0x024A	0x01B7      	CLRF       _dead_band+1
0x024B	0x01B8      	CLRF       _dead_band+2
0x024C	0x01B9      	CLRF       _dead_band+3
L__main52:
;12f675 MPPT.mpas,242 :: 		if adc_cur>(LM358_diff + 2) then begin
0x024D	0x3002      	MOVLW      2
0x024E	0x0744      	ADDWF      _LM358_diff, 0
0x024F	0x00D1      	MOVWF      R1
0x0250	0x083B      	MOVF       _adc_cur+1, 0
0x0251	0x3C00      	SUBLW      0
0x0252	0x1D03      	BTFSS      STATUS, 2
0x0253	0x2A56      	GOTO       L__main102
0x0254	0x083A      	MOVF       _adc_cur, 0
0x0255	0x0251      	SUBWF      R1, 0
L__main102:
0x0256	0x1803      	BTFSC      STATUS, 0
0x0257	0x2ADD      	GOTO       L__main55
;12f675 MPPT.mpas,245 :: 		if power_curr = power_prev then begin
0x0258	0x082F      	MOVF       _power_curr+3, 0
0x0259	0x0635      	XORWF      _power_prev+3, 0
0x025A	0x1D03      	BTFSS      STATUS, 2
0x025B	0x2A66      	GOTO       L__main103
0x025C	0x082E      	MOVF       _power_curr+2, 0
0x025D	0x0634      	XORWF      _power_prev+2, 0
0x025E	0x1D03      	BTFSS      STATUS, 2
0x025F	0x2A66      	GOTO       L__main103
0x0260	0x082D      	MOVF       _power_curr+1, 0
0x0261	0x0633      	XORWF      _power_prev+1, 0
0x0262	0x1D03      	BTFSS      STATUS, 2
0x0263	0x2A66      	GOTO       L__main103
0x0264	0x082C      	MOVF       _power_curr, 0
0x0265	0x0632      	XORWF      _power_prev, 0
L__main103:
0x0266	0x1D03      	BTFSS      STATUS, 2
0x0267	0x2A6D      	GOTO       L__main58
;12f675 MPPT.mpas,246 :: 		LED1_tm:=500;
0x0268	0x30F4      	MOVLW      244
0x0269	0x00BD      	MOVWF      _LED1_tm
0x026A	0x3001      	MOVLW      1
0x026B	0x00BE      	MOVWF      _LED1_tm+1
;12f675 MPPT.mpas,247 :: 		goto CONTLOOP;
0x026C	0x2B0B      	GOTO       L__main_CONTLOOP
;12f675 MPPT.mpas,248 :: 		end else if power_curr < power_prev then begin
L__main58:
0x026D	0x0835      	MOVF       _power_prev+3, 0
0x026E	0x022F      	SUBWF      _power_curr+3, 0
0x026F	0x1D03      	BTFSS      STATUS, 2
0x0270	0x2A7B      	GOTO       L__main104
0x0271	0x0834      	MOVF       _power_prev+2, 0
0x0272	0x022E      	SUBWF      _power_curr+2, 0
0x0273	0x1D03      	BTFSS      STATUS, 2
0x0274	0x2A7B      	GOTO       L__main104
0x0275	0x0833      	MOVF       _power_prev+1, 0
0x0276	0x022D      	SUBWF      _power_curr+1, 0
0x0277	0x1D03      	BTFSS      STATUS, 2
0x0278	0x2A7B      	GOTO       L__main104
0x0279	0x0832      	MOVF       _power_prev, 0
0x027A	0x022C      	SUBWF      _power_curr, 0
L__main104:
0x027B	0x1803      	BTFSC      STATUS, 0
0x027C	0x2AAD      	GOTO       L__main61
;12f675 MPPT.mpas,249 :: 		if power_prev-power_curr < dead_band then begin
0x027D	0x0832      	MOVF       _power_prev, 0
0x027E	0x00D1      	MOVWF      R1
0x027F	0x0833      	MOVF       _power_prev+1, 0
0x0280	0x00D2      	MOVWF      R1+1
0x0281	0x0834      	MOVF       _power_prev+2, 0
0x0282	0x00D3      	MOVWF      R1+2
0x0283	0x0835      	MOVF       _power_prev+3, 0
0x0284	0x00D4      	MOVWF      R1+3
0x0285	0x082C      	MOVF       _power_curr, 0
0x0286	0x02D1      	SUBWF      R1, 1
0x0287	0x082D      	MOVF       _power_curr+1, 0
0x0288	0x1C03      	BTFSS      STATUS, 0
0x0289	0x0F2D      	INCFSZ     _power_curr+1, 0
0x028A	0x02D2      	SUBWF      R1+1, 1
0x028B	0x082E      	MOVF       _power_curr+2, 0
0x028C	0x1C03      	BTFSS      STATUS, 0
0x028D	0x0F2E      	INCFSZ     _power_curr+2, 0
0x028E	0x02D3      	SUBWF      R1+2, 1
0x028F	0x082F      	MOVF       _power_curr+3, 0
0x0290	0x1C03      	BTFSS      STATUS, 0
0x0291	0x0F2F      	INCFSZ     _power_curr+3, 0
0x0292	0x02D4      	SUBWF      R1+3, 1
0x0293	0x0839      	MOVF       _dead_band+3, 0
0x0294	0x0254      	SUBWF      R1+3, 0
0x0295	0x1D03      	BTFSS      STATUS, 2
0x0296	0x2AA1      	GOTO       L__main105
0x0297	0x0838      	MOVF       _dead_band+2, 0
0x0298	0x0253      	SUBWF      R1+2, 0
0x0299	0x1D03      	BTFSS      STATUS, 2
0x029A	0x2AA1      	GOTO       L__main105
0x029B	0x0837      	MOVF       _dead_band+1, 0
0x029C	0x0252      	SUBWF      R1+1, 0
0x029D	0x1D03      	BTFSS      STATUS, 2
0x029E	0x2AA1      	GOTO       L__main105
0x029F	0x0836      	MOVF       _dead_band, 0
0x02A0	0x0251      	SUBWF      R1, 0
L__main105:
0x02A1	0x1803      	BTFSC      STATUS, 0
0x02A2	0x2AA8      	GOTO       L__main64
;12f675 MPPT.mpas,250 :: 		LED1_tm:=500;
0x02A3	0x30F4      	MOVLW      244
0x02A4	0x00BD      	MOVWF      _LED1_tm
0x02A5	0x3001      	MOVLW      1
0x02A6	0x00BE      	MOVWF      _LED1_tm+1
;12f675 MPPT.mpas,251 :: 		goto CONTLOOP;
0x02A7	0x2B0B      	GOTO       L__main_CONTLOOP
;12f675 MPPT.mpas,252 :: 		end;
L__main64:
;12f675 MPPT.mpas,253 :: 		LED1_tm:=150;
0x02A8	0x3096      	MOVLW      150
0x02A9	0x00BD      	MOVWF      _LED1_tm
0x02AA	0x01BE      	CLRF       _LED1_tm+1
;12f675 MPPT.mpas,254 :: 		flag_inc:=not flag_inc;
0x02AB	0x09AB      	COMF       _flag_inc, 1
;12f675 MPPT.mpas,255 :: 		end else begin
0x02AC	0x2ADC      	GOTO       L__main62
L__main61:
;12f675 MPPT.mpas,256 :: 		if power_curr-power_prev < dead_band then begin
0x02AD	0x082C      	MOVF       _power_curr, 0
0x02AE	0x00D1      	MOVWF      R1
0x02AF	0x082D      	MOVF       _power_curr+1, 0
0x02B0	0x00D2      	MOVWF      R1+1
0x02B1	0x082E      	MOVF       _power_curr+2, 0
0x02B2	0x00D3      	MOVWF      R1+2
0x02B3	0x082F      	MOVF       _power_curr+3, 0
0x02B4	0x00D4      	MOVWF      R1+3
0x02B5	0x0832      	MOVF       _power_prev, 0
0x02B6	0x02D1      	SUBWF      R1, 1
0x02B7	0x0833      	MOVF       _power_prev+1, 0
0x02B8	0x1C03      	BTFSS      STATUS, 0
0x02B9	0x0F33      	INCFSZ     _power_prev+1, 0
0x02BA	0x02D2      	SUBWF      R1+1, 1
0x02BB	0x0834      	MOVF       _power_prev+2, 0
0x02BC	0x1C03      	BTFSS      STATUS, 0
0x02BD	0x0F34      	INCFSZ     _power_prev+2, 0
0x02BE	0x02D3      	SUBWF      R1+2, 1
0x02BF	0x0835      	MOVF       _power_prev+3, 0
0x02C0	0x1C03      	BTFSS      STATUS, 0
0x02C1	0x0F35      	INCFSZ     _power_prev+3, 0
0x02C2	0x02D4      	SUBWF      R1+3, 1
0x02C3	0x0839      	MOVF       _dead_band+3, 0
0x02C4	0x0254      	SUBWF      R1+3, 0
0x02C5	0x1D03      	BTFSS      STATUS, 2
0x02C6	0x2AD1      	GOTO       L__main106
0x02C7	0x0838      	MOVF       _dead_band+2, 0
0x02C8	0x0253      	SUBWF      R1+2, 0
0x02C9	0x1D03      	BTFSS      STATUS, 2
0x02CA	0x2AD1      	GOTO       L__main106
0x02CB	0x0837      	MOVF       _dead_band+1, 0
0x02CC	0x0252      	SUBWF      R1+1, 0
0x02CD	0x1D03      	BTFSS      STATUS, 2
0x02CE	0x2AD1      	GOTO       L__main106
0x02CF	0x0836      	MOVF       _dead_band, 0
0x02D0	0x0251      	SUBWF      R1, 0
L__main106:
0x02D1	0x1803      	BTFSC      STATUS, 0
0x02D2	0x2AD8      	GOTO       L__main67
;12f675 MPPT.mpas,257 :: 		LED1_tm:=500;
0x02D3	0x30F4      	MOVLW      244
0x02D4	0x00BD      	MOVWF      _LED1_tm
0x02D5	0x3001      	MOVLW      1
0x02D6	0x00BE      	MOVWF      _LED1_tm+1
;12f675 MPPT.mpas,258 :: 		goto CONTLOOP;
0x02D7	0x2B0B      	GOTO       L__main_CONTLOOP
;12f675 MPPT.mpas,259 :: 		end;
L__main67:
;12f675 MPPT.mpas,260 :: 		LED1_tm:=300;
0x02D8	0x302C      	MOVLW      44
0x02D9	0x00BD      	MOVWF      _LED1_tm
0x02DA	0x3001      	MOVLW      1
0x02DB	0x00BE      	MOVWF      _LED1_tm+1
;12f675 MPPT.mpas,261 :: 		end;
L__main62:
;12f675 MPPT.mpas,262 :: 		end else begin
0x02DC	0x2AF4      	GOTO       L__main56
L__main55:
;12f675 MPPT.mpas,263 :: 		LED1_tm:=150;
0x02DD	0x3096      	MOVLW      150
0x02DE	0x00BD      	MOVWF      _LED1_tm
0x02DF	0x01BE      	CLRF       _LED1_tm+1
;12f675 MPPT.mpas,264 :: 		flag_inc:=True;
0x02E0	0x30FF      	MOVLW      255
0x02E1	0x00AB      	MOVWF      _flag_inc
;12f675 MPPT.mpas,265 :: 		power_curr:=0;
0x02E2	0x01AC      	CLRF       _power_curr
0x02E3	0x01AD      	CLRF       _power_curr+1
0x02E4	0x01AE      	CLRF       _power_curr+2
0x02E5	0x01AF      	CLRF       _power_curr+3
;12f675 MPPT.mpas,266 :: 		adc_cur:=0;
0x02E6	0x01BA      	CLRF       _adc_cur
0x02E7	0x01BB      	CLRF       _adc_cur+1
;12f675 MPPT.mpas,267 :: 		if VOLPWM < PWM_MID then begin
0x02E8	0x305F      	MOVLW      95
0x02E9	0x0241      	SUBWF      _VOLPWM, 0
0x02EA	0x1803      	BTFSC      STATUS, 0
0x02EB	0x2AEE      	GOTO       L__main70
;12f675 MPPT.mpas,268 :: 		Inc(VOLPWM);
0x02EC	0x0AC1      	INCF       _VOLPWM, 1
;12f675 MPPT.mpas,269 :: 		end else if VOLPWM > PWM_MID then begin
0x02ED	0x2AF3      	GOTO       L__main71
L__main70:
0x02EE	0x0841      	MOVF       _VOLPWM, 0
0x02EF	0x3C5F      	SUBLW      95
0x02F0	0x1803      	BTFSC      STATUS, 0
0x02F1	0x2AF3      	GOTO       L__main73
;12f675 MPPT.mpas,270 :: 		Dec(VOLPWM);
0x02F2	0x03C1      	DECF       _VOLPWM, 1
;12f675 MPPT.mpas,271 :: 		end;
L__main73:
L__main71:
;12f675 MPPT.mpas,272 :: 		goto CONTLOOP;
0x02F3	0x2B0B      	GOTO       L__main_CONTLOOP
;12f675 MPPT.mpas,273 :: 		end;
L__main56:
;12f675 MPPT.mpas,276 :: 		if flag_inc then begin
0x02F4	0x082B      	MOVF       _flag_inc, 0
0x02F5	0x1903      	BTFSC      STATUS, 2
0x02F6	0x2B01      	GOTO       L__main76
;12f675 MPPT.mpas,277 :: 		if VOLPWM<PWM_END then
0x02F7	0x30B4      	MOVLW      180
0x02F8	0x0241      	SUBWF      _VOLPWM, 0
0x02F9	0x1803      	BTFSC      STATUS, 0
0x02FA	0x2AFD      	GOTO       L__main79
;12f675 MPPT.mpas,278 :: 		Inc(VOLPWM)
0x02FB	0x0AC1      	INCF       _VOLPWM, 1
0x02FC	0x2B00      	GOTO       L__main80
;12f675 MPPT.mpas,279 :: 		else begin
L__main79:
;12f675 MPPT.mpas,280 :: 		VOLPWM:=PWM_END;
0x02FD	0x30B4      	MOVLW      180
0x02FE	0x00C1      	MOVWF      _VOLPWM
;12f675 MPPT.mpas,281 :: 		flag_inc:=false;
0x02FF	0x01AB      	CLRF       _flag_inc
;12f675 MPPT.mpas,282 :: 		end;
L__main80:
;12f675 MPPT.mpas,283 :: 		end else begin
0x0300	0x2B0B      	GOTO       L__main77
L__main76:
;12f675 MPPT.mpas,284 :: 		if VOLPWM>PWM_MIN then
0x0301	0x0841      	MOVF       _VOLPWM, 0
0x0302	0x3C0C      	SUBLW      12
0x0303	0x1803      	BTFSC      STATUS, 0
0x0304	0x2B07      	GOTO       L__main82
;12f675 MPPT.mpas,285 :: 		Dec(VOLPWM)
0x0305	0x03C1      	DECF       _VOLPWM, 1
0x0306	0x2B0B      	GOTO       L__main83
;12f675 MPPT.mpas,286 :: 		else begin
L__main82:
;12f675 MPPT.mpas,287 :: 		VOLPWM:=PWM_MIN;
0x0307	0x300C      	MOVLW      12
0x0308	0x00C1      	MOVWF      _VOLPWM
;12f675 MPPT.mpas,288 :: 		flag_inc:=true;
0x0309	0x30FF      	MOVLW      255
0x030A	0x00AB      	MOVWF      _flag_inc
;12f675 MPPT.mpas,289 :: 		end;
L__main83:
;12f675 MPPT.mpas,290 :: 		end;
L__main77:
;12f675 MPPT.mpas,291 :: 		CONTLOOP:
L__main_CONTLOOP:
;12f675 MPPT.mpas,293 :: 		end;
0x030B	0x28B6      	GOTO       L__main26
;12f675 MPPT.mpas,294 :: 		end.
L_end_main:
0x030C	0x2B0C      	GOTO       $+0
; end of _main
_Mul_32x32_U:
;__Lib_Math.mpas,1775 :: 		
;__Lib_Math.mpas,1789 :: 		
0x030D	0x1283      	BCF        STATUS, 5
;__Lib_Math.mpas,1790 :: 		
0x030E	0x1303      	BCF        STATUS, 6
;__Lib_Math.mpas,1791 :: 		
0x030F	0x3022      	MOVLW      34
;__Lib_Math.mpas,1792 :: 		
0x0310	0x00DC      	MOVWF      R12
;__Lib_Math.mpas,1793 :: 		
0x0311	0x01D8      	CLRF       R8
;__Lib_Math.mpas,1794 :: 		
0x0312	0x01D9      	CLRF       R9
;__Lib_Math.mpas,1795 :: 		
0x0313	0x01DA      	CLRF       R10
;__Lib_Math.mpas,1796 :: 		
0x0314	0x01DB      	CLRF       R11
;__Lib_Math.mpas,1798 :: 		
_NEXT:
;__Lib_Math.mpas,1802 :: 		
0x0315	0x03DC      	DECF       R12, 1
;__Lib_Math.mpas,1803 :: 		
0x0316	0x1903      	BTFSC      STATUS, 2
;__Lib_Math.mpas,1804 :: 		
0x0317	0x2B43      	GOTO       _EXIT2
;__Lib_Math.mpas,1805 :: 		
0x0318	0x1003      	BCF        STATUS, 0
;__Lib_Math.mpas,1807 :: 		
_LOOP:
;__Lib_Math.mpas,1816 :: 		
0x0319	0x0CDB      	RRF        R11, 1
;__Lib_Math.mpas,1817 :: 		
0x031A	0x0CDA      	RRF        R10, 1
;__Lib_Math.mpas,1818 :: 		
0x031B	0x0CD9      	RRF        R9, 1
;__Lib_Math.mpas,1819 :: 		
0x031C	0x0CD8      	RRF        R8, 1
;__Lib_Math.mpas,1820 :: 		
0x031D	0x0CD3      	RRF        R3, 1
;__Lib_Math.mpas,1821 :: 		
0x031E	0x0CD2      	RRF        R2, 1
;__Lib_Math.mpas,1822 :: 		
0x031F	0x0CD1      	RRF        R1, 1
;__Lib_Math.mpas,1823 :: 		
0x0320	0x0CD0      	RRF        R0, 1
;__Lib_Math.mpas,1828 :: 		
0x0321	0x1C03      	BTFSS      STATUS, 0
;__Lib_Math.mpas,1829 :: 		
0x0322	0x2B15      	GOTO       _NEXT
;__Lib_Math.mpas,1830 :: 		
0x0323	0x03DC      	DECF       R12, 1
;__Lib_Math.mpas,1831 :: 		
0x0324	0x1903      	BTFSC      STATUS, 2
;__Lib_Math.mpas,1832 :: 		
0x0325	0x2B35      	GOTO       _EXIT1
;__Lib_Math.mpas,1839 :: 		
0x0326	0x0854      	MOVF       R4, 0
;__Lib_Math.mpas,1840 :: 		
0x0327	0x07D8      	ADDWF      R8, 1
;__Lib_Math.mpas,1841 :: 		
0x0328	0x0855      	MOVF       R5, 0
;__Lib_Math.mpas,1842 :: 		
0x0329	0x1803      	BTFSC      STATUS, 0
;__Lib_Math.mpas,1843 :: 		
0x032A	0x0F55      	INCFSZ     R5, 0
;__Lib_Math.mpas,1844 :: 		
0x032B	0x07D9      	ADDWF      R9, 1
;__Lib_Math.mpas,1845 :: 		
0x032C	0x0856      	MOVF       R6, 0
;__Lib_Math.mpas,1846 :: 		
0x032D	0x1803      	BTFSC      STATUS, 0
;__Lib_Math.mpas,1847 :: 		
0x032E	0x0F56      	INCFSZ     R6, 0
;__Lib_Math.mpas,1848 :: 		
0x032F	0x07DA      	ADDWF      R10, 1
;__Lib_Math.mpas,1849 :: 		
0x0330	0x0857      	MOVF       R7, 0
;__Lib_Math.mpas,1850 :: 		
0x0331	0x1803      	BTFSC      STATUS, 0
;__Lib_Math.mpas,1851 :: 		
0x0332	0x0F57      	INCFSZ     R7, 0
;__Lib_Math.mpas,1852 :: 		
0x0333	0x07DB      	ADDWF      R11, 1
;__Lib_Math.mpas,1854 :: 		
0x0334	0x2B19      	GOTO       _LOOP
;__Lib_Math.mpas,1856 :: 		
_EXIT1:
;__Lib_Math.mpas,1861 :: 		
0x0335	0x0854      	MOVF       R4, 0
;__Lib_Math.mpas,1862 :: 		
0x0336	0x07D8      	ADDWF      R8, 1
;__Lib_Math.mpas,1863 :: 		
0x0337	0x0855      	MOVF       R5, 0
;__Lib_Math.mpas,1864 :: 		
0x0338	0x1803      	BTFSC      STATUS, 0
;__Lib_Math.mpas,1865 :: 		
0x0339	0x0F55      	INCFSZ     R5, 0
;__Lib_Math.mpas,1866 :: 		
0x033A	0x07D9      	ADDWF      R9, 1
;__Lib_Math.mpas,1867 :: 		
0x033B	0x0856      	MOVF       R6, 0
;__Lib_Math.mpas,1868 :: 		
0x033C	0x1803      	BTFSC      STATUS, 0
;__Lib_Math.mpas,1869 :: 		
0x033D	0x0F56      	INCFSZ     R6, 0
;__Lib_Math.mpas,1870 :: 		
0x033E	0x07DA      	ADDWF      R10, 1
;__Lib_Math.mpas,1871 :: 		
0x033F	0x0857      	MOVF       R7, 0
;__Lib_Math.mpas,1872 :: 		
0x0340	0x1803      	BTFSC      STATUS, 0
;__Lib_Math.mpas,1873 :: 		
0x0341	0x0F57      	INCFSZ     R7, 0
;__Lib_Math.mpas,1874 :: 		
0x0342	0x07DB      	ADDWF      R11, 1
;__Lib_Math.mpas,1877 :: 		
_EXIT2:
;__Lib_Math.mpas,1879 :: 		
L_end_Mul_32x32_U:
0x0343	0x0008      	RETURN
; end of _Mul_32x32_U
_tick_diff:
;12f675 MPPT.mpas,91 :: 		begin
;12f675 MPPT.mpas,92 :: 		if a<b then
0x0344	0x1283      	BCF        STATUS, 5
0x0345	0x084C      	MOVF       FARG_tick_diff_b+1, 0
0x0346	0x024A      	SUBWF      FARG_tick_diff_a+1, 0
0x0347	0x1D03      	BTFSS      STATUS, 2
0x0348	0x2B4B      	GOTO       L__tick_diff87
0x0349	0x084B      	MOVF       FARG_tick_diff_b, 0
0x034A	0x0249      	SUBWF      FARG_tick_diff_a, 0
L__tick_diff87:
0x034B	0x1803      	BTFSC      STATUS, 0
0x034C	0x2B64      	GOTO       L__tick_diff13
;12f675 MPPT.mpas,93 :: 		result:=a+(65535-b)+1
0x034D	0x084B      	MOVF       FARG_tick_diff_b, 0
0x034E	0x3CFF      	SUBLW      255
0x034F	0x00D0      	MOVWF      R0
0x0350	0x084C      	MOVF       FARG_tick_diff_b+1, 0
0x0351	0x1C03      	BTFSS      STATUS, 0
0x0352	0x3E01      	ADDLW      1
0x0353	0x3CFF      	SUBLW      255
0x0354	0x00D1      	MOVWF      R0+1
0x0355	0x0849      	MOVF       FARG_tick_diff_a, 0
0x0356	0x07D0      	ADDWF      R0, 1
0x0357	0x084A      	MOVF       FARG_tick_diff_a+1, 0
0x0358	0x1803      	BTFSC      STATUS, 0
0x0359	0x3E01      	ADDLW      1
0x035A	0x07D1      	ADDWF      R0+1, 1
0x035B	0x0850      	MOVF       R0, 0
0x035C	0x3E01      	ADDLW      1
0x035D	0x00D2      	MOVWF      R2
0x035E	0x3000      	MOVLW      0
0x035F	0x1803      	BTFSC      STATUS, 0
0x0360	0x3E01      	ADDLW      1
0x0361	0x0751      	ADDWF      R0+1, 0
0x0362	0x00D3      	MOVWF      R2+1
0x0363	0x2B6C      	GOTO       L__tick_diff14
;12f675 MPPT.mpas,94 :: 		else
L__tick_diff13:
;12f675 MPPT.mpas,95 :: 		result:=a-b;
0x0364	0x084B      	MOVF       FARG_tick_diff_b, 0
0x0365	0x0249      	SUBWF      FARG_tick_diff_a, 0
0x0366	0x00D2      	MOVWF      R2
0x0367	0x084C      	MOVF       FARG_tick_diff_b+1, 0
0x0368	0x1C03      	BTFSS      STATUS, 0
0x0369	0x3E01      	ADDLW      1
0x036A	0x024A      	SUBWF      FARG_tick_diff_a+1, 0
0x036B	0x00D3      	MOVWF      R2+1
L__tick_diff14:
;12f675 MPPT.mpas,96 :: 		end;
0x036C	0x0852      	MOVF       R2, 0
0x036D	0x00D0      	MOVWF      R0
0x036E	0x0853      	MOVF       R2+1, 0
0x036F	0x00D1      	MOVWF      R0+1
L_end_tick_diff:
0x0370	0x0008      	RETURN
; end of _tick_diff
_ADC_Read:
;__Lib_ADC_A_E.mpas,84 :: 		
;__Lib_ADC_A_E.mpas,85 :: 		
0x0371	0x30C3      	MOVLW      195
0x0372	0x1283      	BCF        STATUS, 5
0x0373	0x059F      	ANDWF      ADCON0, 1
;__Lib_ADC_A_E.mpas,90 :: 		
0x0374	0x30F0      	MOVLW      240
0x0375	0x059F      	ANDWF      ADCON0, 1
;__Lib_ADC_A_E.mpas,91 :: 		
0x0376	0x30BF      	MOVLW      191
0x0377	0x059F      	ANDWF      ADCON0, 1
;__Lib_ADC_A_E.mpas,92 :: 		
0x0378	0x30F0      	MOVLW      240
0x0379	0x1683      	BSF        STATUS, 5
0x037A	0x049F      	IORWF      ANSEL, 1
;__Lib_ADC_A_E.mpas,93 :: 		
0x037B	0x1283      	BCF        STATUS, 5
0x037C	0x179F      	BSF        ADCON0, 7
;__Lib_ADC_A_E.mpas,94 :: 		
0x037D	0x0849      	MOVF       FARG_ADC_Read_channel, 0
0x037E	0x00D0      	MOVWF      R0
0x037F	0x0DD0      	RLF        R0, 1
0x0380	0x1050      	BCF        R0, 0
0x0381	0x0DD0      	RLF        R0, 1
0x0382	0x1050      	BCF        R0, 0
0x0383	0x0850      	MOVF       R0, 0
0x0384	0x049F      	IORWF      ADCON0, 1
;__Lib_ADC_A_E.mpas,97 :: 		
0x0385	0x141F      	BSF        ADCON0, 0
;__Lib_ADC_A_E.mpas,100 :: 		
0x0386	0x23D5      	CALL       _Delay_22us
;__Lib_ADC_A_E.mpas,103 :: 		
0x0387	0x149F      	BSF        ADCON0, 1
;__Lib_ADC_A_E.mpas,106 :: 		
L__ADC_Read10:
0x0388	0x1C9F      	BTFSS      ADCON0, 1
0x0389	0x2B8C      	GOTO       L__ADC_Read11
0x038A	0x0000      	NOP
0x038B	0x2B88      	GOTO       L__ADC_Read10
L__ADC_Read11:
;__Lib_ADC_A_E.mpas,109 :: 		
0x038C	0x101F      	BCF        ADCON0, 0
;__Lib_ADC_A_E.mpas,112 :: 		
0x038D	0x081E      	MOVF       ADRESH, 0
0x038E	0x00D1      	MOVWF      R0+1
0x038F	0x01D0      	CLRF       R0
0x0390	0x1683      	BSF        STATUS, 5
0x0391	0x081E      	MOVF       ADRESL, 0
0x0392	0x0450      	IORWF      R0, 0
0x0393	0x00CA      	MOVWF      ADC_Read_local_result
0x0394	0x0851      	MOVF       R0+1, 0
0x0395	0x00CB      	MOVWF      ADC_Read_local_result+1
0x0396	0x3000      	MOVLW      0
0x0397	0x04CB      	IORWF      ADC_Read_local_result+1, 1
;__Lib_ADC_A_E.mpas,114 :: 		
0x0398	0x084A      	MOVF       ADC_Read_local_result, 0
0x0399	0x00D0      	MOVWF      R0
0x039A	0x084B      	MOVF       ADC_Read_local_result+1, 0
0x039B	0x00D1      	MOVWF      R0+1
L_end_ADC_Read:
0x039C	0x0008      	RETURN
; end of _ADC_Read
_EEPROM_Write:
;__Lib_EEPROM.mpas,27 :: 		
;__Lib_EEPROM.mpas,28 :: 		
L__EEPROM_Write3:
0x039D	0x1683      	BSF        STATUS, 5
0x039E	0x1C9C      	BTFSS      EECON1, 1
0x039F	0x2BA2      	GOTO       L__EEPROM_Write4
0x03A0	0x0000      	NOP
0x03A1	0x2B9D      	GOTO       L__EEPROM_Write3
L__EEPROM_Write4:
;__Lib_EEPROM.mpas,30 :: 		
0x03A2	0x0849      	MOVF       FARG_EEPROM_Write_address, 0
0x03A3	0x009B      	MOVWF      EEADR
;__Lib_EEPROM.mpas,31 :: 		
0x03A4	0x084A      	MOVF       FARG_EEPROM_Write_data_, 0
0x03A5	0x009A      	MOVWF      EEDATA
;__Lib_EEPROM.mpas,32 :: 		
0x03A6	0x139C      	BCF        EECON1, 7
;__Lib_EEPROM.mpas,33 :: 		
0x03A7	0x151C      	BSF        EECON1, 2
;__Lib_EEPROM.mpas,35 :: 		
0x03A8	0x080B      	MOVF       INTCON, 0
0x03A9	0x00D0      	MOVWF      R0
;__Lib_EEPROM.mpas,38 :: 		
0x03AA	0x138B      	BCF        INTCON, 7
;__Lib_EEPROM.mpas,39 :: 		
0x03AB	0x3055      	MOVLW      85
0x03AC	0x009D      	MOVWF      EECON2
;__Lib_EEPROM.mpas,40 :: 		
0x03AD	0x30AA      	MOVLW      170
0x03AE	0x009D      	MOVWF      EECON2
;__Lib_EEPROM.mpas,41 :: 		
0x03AF	0x149C      	BSF        EECON1, 1
;__Lib_EEPROM.mpas,45 :: 		
0x03B0	0x1BD0      	BTFSC      R0, 7
0x03B1	0x2BB4      	GOTO       L__EEPROM_Write9
0x03B2	0x138B      	BCF        INTCON, 7
0x03B3	0x2BB5      	GOTO       L__EEPROM_Write10
L__EEPROM_Write9:
0x03B4	0x178B      	BSF        INTCON, 7
L__EEPROM_Write10:
;__Lib_EEPROM.mpas,46 :: 		
0x03B5	0x111C      	BCF        EECON1, 2
;__Lib_EEPROM.mpas,47 :: 		
L_end_EEPROM_Write:
0x03B6	0x0008      	RETURN
; end of _EEPROM_Write
_Delay_100ms:
;__Lib_Delays.mpas,79 :: 		begin
;__Lib_Delays.mpas,80 :: 		Delay_ms(100);
0x03B7	0x3082      	MOVLW      130
0x03B8	0x1283      	BCF        STATUS, 5
0x03B9	0x00DC      	MOVWF      R12
0x03BA	0x30DD      	MOVLW      221
0x03BB	0x00DD      	MOVWF      R13
L__Delay_100ms21:
0x03BC	0x0BDD      	DECFSZ     R13, 1
0x03BD	0x2BBC      	GOTO       L__Delay_100ms21
0x03BE	0x0BDC      	DECFSZ     R12, 1
0x03BF	0x2BBC      	GOTO       L__Delay_100ms21
0x03C0	0x0000      	NOP
0x03C1	0x0000      	NOP
;__Lib_Delays.mpas,81 :: 		end;
L_end_Delay_100ms:
0x03C2	0x0008      	RETURN
; end of _Delay_100ms
_EEPROM_Read:
;__Lib_EEPROM.mpas,13 :: 		
;__Lib_EEPROM.mpas,14 :: 		
0x03C3	0x1283      	BCF        STATUS, 5
0x03C4	0x0849      	MOVF       FARG_EEPROM_Read_address, 0
0x03C5	0x1683      	BSF        STATUS, 5
0x03C6	0x009B      	MOVWF      EEADR
;__Lib_EEPROM.mpas,15 :: 		
0x03C7	0x139C      	BCF        EECON1, 7
;__Lib_EEPROM.mpas,21 :: 		
0x03C8	0x141C      	BSF        EECON1, 0
;__Lib_EEPROM.mpas,22 :: 		
0x03C9	0x081A      	MOVF       EEDATA, 0
0x03CA	0x00D1      	MOVWF      R1
;__Lib_EEPROM.mpas,23 :: 		
0x03CB	0x0851      	MOVF       R1, 0
0x03CC	0x00D0      	MOVWF      R0
L_end_EEPROM_Read:
0x03CD	0x0008      	RETURN
; end of _EEPROM_Read
_Delay_50us:
;__Lib_Delays.mpas,44 :: 		begin
;__Lib_Delays.mpas,45 :: 		Delay_us(50);
0x03CE	0x3010      	MOVLW      16
0x03CF	0x1283      	BCF        STATUS, 5
0x03D0	0x00DD      	MOVWF      R13
L__Delay_50us7:
0x03D1	0x0BDD      	DECFSZ     R13, 1
0x03D2	0x2BD1      	GOTO       L__Delay_50us7
0x03D3	0x0000      	NOP
;__Lib_Delays.mpas,46 :: 		end;
L_end_Delay_50us:
0x03D4	0x0008      	RETURN
; end of _Delay_50us
_Delay_22us:
;__Lib_Delays.mpas,39 :: 		begin
;__Lib_Delays.mpas,40 :: 		Delay_us(22);
0x03D5	0x3007      	MOVLW      7
0x03D6	0x1283      	BCF        STATUS, 5
0x03D7	0x00DD      	MOVWF      R13
L__Delay_22us5:
0x03D8	0x0BDD      	DECFSZ     R13, 1
0x03D9	0x2BD8      	GOTO       L__Delay_22us5
;__Lib_Delays.mpas,41 :: 		end;
L_end_Delay_22us:
0x03DA	0x0008      	RETURN
; end of _Delay_22us
Symbol List:
//** Routines locations **
//ADDRESS    SIZE    PROCEDURE
//----------------------------------------------
0x0004      [44]    _Interrupt
0x0030     [733]    _main
0x030D      [55]    _Mul_32x32_U
0x0344      [45]    _tick_diff
0x0371      [44]    _ADC_Read
0x039D      [26]    _EEPROM_Write
0x03B7      [12]    _Delay_100ms
0x03C3      [11]    _EEPROM_Read
0x03CE       [7]    _Delay_50us
0x03D5       [6]    _Delay_22us
//** Variables locations ** 
//ADDRESS    SIZE    VARIABLE
//----------------------------------------------
0x0001       [1]    TMR0
0x0003       [1]    STATUS
0x0005       [0]    GP3_bit
0x0005       [0]    GP2_bit
0x0005       [0]    GP5_bit
0x0005       [0]    PWM_SIG
0x0005       [0]    Write_OPAMP
0x0005       [0]    LED1
0x000B       [0]    GIE_bit
0x000B       [0]    PEIE_bit
0x000B       [0]    TMR0IE_bit
0x000B       [1]    INTCON
0x000B       [0]    T0IF_bit
0x000C       [0]    T1IF_bit
0x000E       [1]    TMR1L
0x000F       [1]    TMR1H
0x0010       [0]    T1CKPS1_bit
0x0010       [0]    T1CKPS0_bit
0x0010       [0]    TMR1ON_bit
0x0010       [0]    TMR1CS_bit
0x0019       [1]    CMCON
0x001E       [1]    ADRESH
0x001F       [0]    VCFG_bit
0x001F       [0]    CHS1_bit
0x001F       [0]    ADFM_bit
0x001F       [1]    ADCON0
0x0020       [2]    _wdtimer
0x0022       [2]    _prevtime
0x0024       [2]    _powertime
0x0026       [2]    _raw_vol
0x0028       [1]    _doADCRead
0x0029       [2]    _wtmp
0x002B       [1]    _flag_inc
0x002C       [4]    _power_curr
0x0030       [2]    _adc_vol
0x0032       [4]    _power_prev
0x0036       [4]    _dead_band
0x003A       [2]    _adc_cur
0x003C       [1]    _ON_PWM
0x003D       [2]    _LED1_tm
0x003F       [2]    _TICK_1000
0x0041       [1]    _VOLPWM
0x0042       [1]    ___savePCLATH
0x0043       [1]    ___saveSTATUS
0x0044       [1]    _LM358_diff
0x0045       [4]    FLOC__main
0x0049       [2]    FARG_tick_diff_a
0x0049       [1]    FARG_ADC_Read_channel
0x0049       [1]    FARG_EEPROM_Read_address
0x0049       [1]    FARG_EEPROM_Write_address
0x004A       [2]    ADC_Read_local_result
0x004A       [1]    FARG_EEPROM_Write_data_
0x004B       [2]    FARG_tick_diff_b
0x0050       [1]    R0
0x0051       [1]    R1
0x0052       [1]    R2
0x0053       [1]    R3
0x0054       [1]    R4
0x0055       [1]    R5
0x0056       [1]    R6
0x0057       [1]    R7
0x0058       [1]    R8
0x0059       [1]    R9
0x005A       [1]    R10
0x005B       [1]    R11
0x005C       [1]    R12
0x005D       [1]    R13
0x005E       [1]    R14
0x005F       [1]    R15
0x0081       [1]    OPTION_REG
0x0085       [0]    TRISIO1_bit
0x0085       [0]    TRISIO0_bit
0x0085       [0]    TRISIO4_bit
0x0085       [0]    TRISIO2_bit
0x0085       [0]    TRISIO5_bit
0x008C       [0]    TMR1IE_bit
0x009A       [1]    EEDATA
0x009B       [1]    EEADR
0x009C       [1]    EECON1
0x009D       [1]    EECON2
0x009E       [1]    ADRESL
0x009F       [1]    ANSEL
